// Jest Snapshot v1, https://goo.gl/fbAQLP

exports[`Graphviz register custom component 1`] = `
<h1>
  Test
</h1>
<p>
  This is test MDX.
</p>
<img src="data:image/png;base64,iVBORw0KGgoAAAANSUhEUgAAAJgAAAB0CAYAAAB5RPvYAAAAAXNSR0IArs4c6QAAE9JJREFUeAHtXQmQFEXWfiCICEagolwioOAgIaBcCxiioKOCI+4qxzog7gaHAXgbhsSKghyhEK4K6mqwoiuwKKjL5YmK4oECCos6eICLBuggiiLgoIC8//uy/uruGXqmu6u7pjur+kX0dE1VVlblq6+zXma+970aCpG85DXgkwZq+lRvvtq8BowG8gDLA8FXDdTytXYLK//111/lq6++kh07dpjP999/L7/99pv58Fjt2rWlTp06ctRRR8kxxxwjJ554ovmcdNJJ5tvCJvt6yzXCbINt3rxZPvjgA1m7dq1s2LBBNm3aJN999520atVKGjZsaADTuHHjCKjq1asnBBkBd+DAAfnpp58iQPz2229l3759ctppp8npp58unTt3lq5du5pvgjGsEiqA7d27V55//nlZvny5+Rx55JFy1llnGSB06dJFTj31VGnRooXUrOnNcti1a5d88cUX8tlnn8nq1asNcLlNoF144YVy6aWXSrt27UKFtcAD7Pfff5dly5bJvHnzDKj69OkjhYWF5oG3adPG94ddVlYmK1askNdee02ee+45adCggQwePFiGDx8uTZo08f36Wb8AX5FBlJ9//lmnTp2qzZs31169euns2bMVr7SsNvXQoUP6zjvv6HXXXafHHnusAmi6Zs2arN6T3xcXvy9Q3fX/8ssvOmXKFD3++ON1xIgRun79+uq+haSuxx/AzJkz9eSTT9aioiL98MMPkzrPtkKBAtiSJUtMjzV06FCFLWTFs9i/f78++OCDitelXnvttfrjjz9acd/J3mQgAMbeYMiQIdq2bVuFvZNs23Oq3O7du3XkyJGK6Q7zGs2pm0vjZqwH2Oeff64w1hVGs7I3sF1ef/11xdya3nPPPbY3xdy/1QDDnJViqkHnzJkTiIfhNmLr1q3asWNHvfXWW91d1n5bCzDML3GRXp944glrlV/VjXPE27RpU500aVJVxXL+mJUA++GHH7R169Y6ffr0nFdwOjeIZSrrf0RWTrQOGzZMMA0h999/f9bnEf2+AdiYcvbZZwumMcwqg9/Xy3T91gHs1VdfFQzn5eOPPxYu9WRFsBAuWCHAVHxyl9+zR7AynlzZOKUeeOABswrx4osvxjma47vS6cKzcS7W9LJrd40apVqzpmJkkbj5eJXDUldt2DBx2SpKYIHdjCw3btxYRancPORtVTdLPxp6P7Dnuvrqq7N0B7js3/8ucuiQSK0kPJ0WLBD55BMRrEemI3QPuummm+Thhx9Op5qsnGsVwN544w3hYnWNGjW8K4vgoPAVl6ocPCh4LztnJeNxMWaMSK9eqV4lbvkLLrhA2H7bxCqArVu3Ts455xxvOn7zTZF+/QSuFCIYJEj9+iLnny+yf79TH5wM5eKLRbp3Fzh1idx5pwgBRdm2TaR3b5HLLhPp0cPZ54KcPRT3YdAhV14pcCpzjmf4L92JtmzZYnzOMly1r9VZBTB6mXL06EngBAjvQIHvjEj//iIzZzrb7BXgPCh9+woct0Tef19k9myRKVNEpk3DTBtmCgisc88VeeEFkfHjo5eHg6EBLctt3ChwABOZPDl6PMNbbDs9bG2SJAwJm5pTxb02aiRC/y+4PMuAAQK3VJFRo5zeiSCDY6DZzyrYS7IX++c/nW30nDJrllM5HAeNsAdbulRk61YHiNzJOglgvoaTeYU6NQX6r1UAo//7zp07M/NAXFuKtREklNgIPr72nnxSpKTEOQafeyMEqCsYdEhBgdOzuft8/GbbTzjhBB+vkPmqrXpFdurUSd5+++3MawF+90beey9a9xFHOPNcLVs6+1atih7jFnuwDh1ECLIvv4wee/ddwVA3+n+Gthg7wFiBunXrZqjG6qnGKoD1hqHNkRQ8Q71phzaTa7jDP98IjXzaV02bOq887mRPRlusuFgEozf4OTs2G6cbXBDSuO/Z03nlFhWJcEpi4ULHRmvb1qmbf3kOR6xe7/n/a6LLNdtvneTm9Fzld+V5onX5ctUGDVRr11adO1d17FjCSLVDB9VvvlE4Yak2a6Y6cKBqz56q/fur7tnj3Mjjj6vWretMsHbr5pzHcps3q86YoVqrlmoNLIoUFqquWxe9+X/8Q+Hg5ZT/y19U//e/6LEUtmyeaIWG7RJEBClCwxShY5m/8YMHVTlbXlp6eN30NcPisxE4OJaTsrL455Qr5P0frLlq3759vVeQxTOtW4vkKyJMi90Mg+uBAQdiCwT++9a9Ia3rwfhjdN11Ro8encXfpv+XRjCvcUuy2efNSoDx0dKbFT9nnT9/vv9POgtXQBAv1sgb6rhx47Jw9cxd0lqAUQUlJSWK0H7Y7DDaAyR0mUaUudL2sl2sBhiV7wZ9MAYyH/SRe3C0HmBUKcPWiouLtaCgIB+2lmMYCwTAXJ0uXbo0EnjLns0GyQfe2vCUYu7RpQ6ggZynDohRTJY2A9WDxeowlvwEPmQ5Q36CtdRQkZ9YOdGaymwj6ZvICYaRZtbomxCtLfyQvgmsOjJo0KDQ0DcFHmCxYMwWAV23bt0MJ1megC72aYRg26XQxODAkMQxuMKl0KT3KP3PSKHJ8Dgeo6sMjHJDocnvWArN0tJS487M5Ry8ngUcYCaekVSaeQrNEICpsiYehPtO+/bt5d5775VLLrnEcLB+/fXXEe5VLEsZ4JCXlaA6An5iLthiSYAR5i+N6DULweDCMBmyzrBLqF6R8R42uLmMjfbKK6/EO+xpH/3mSQT8LpwPMTfnqY6gnBRqgPEVRyDQiZHfmZQZM2YIQWtlNHYGFWGVR2sG222qmjBhAuI8BmQcXKx87Nix8hVC4WjfhVlC24ORXpwxlvz2HAqXADl0c77mmmsQ0bbR2G0JigfycGh7sFtuuUXuuOMO38BFtDAamzz89913XyDBk0yjQtmDvfzyy3LDDTeANuITk8UjGUV5LcPXJKcqPvroI2nWrJnXaqw9L3Q9GKclSCTCXoV5h/yWlgh7oz0GOky/L5WT9YcOYI888ojxbeecV3UJvFJNPCenLUInsQvEQd8mBz0ZnLPBs7Vw4UKFPabM9hEmCVUPxmmJgQMH+jItkahn4nU58z/L5bhIdEJAjofGyK+OaYlEmCB53vmgjCLvKr0qwiChARhtrosuukiuv/76rD5X8stSHnrooazeR7VdPAz2AKYlTDYQuidnW8h/j0VxRW+W7VuplusH3gbjtMSNN95oKM+rY1oiUc/AfJETJ040TNmJygbheOABlo1piUTAGAXiOy60P/PMM4mKWn880DYYHyJzaK9cuTLnUhkjMSkoXa80KZht4/xKBfWBBhgNenKJ5apBTYDxB3DXXXel8sysKhtYgOXCtEQiJGwDe/WZZ54pZC/kklIQJbA22M033yy33367r94S6QICyUfNuig9OwIr1TJWreaLwJPU0AhgBFnNV079cpw6IdEJE5EGUQIXeHvgwAGTWhmxkNY8r8WLF2u7du2U9x40CdwrMhenJRK9/i5Doge+Lm3MRZSobYEy8nN5WiLRg3AHJXSvto0Lv6q2BQpguT4tUdWD4DEa+7t370aCEWQYCYrY+s6nAY8HEbFbPv30U0M5Sf5WW4WELWRsxLRFpAlPPfWUgl8j8r9tG9Ya+XfffbfhaG3evLlyMZs030GgnHwcnPzdu3dXsEprx44dTRvHjBljG64i92stwIqKiozy8SZBjoS6isDZrHiqRjSZoQ32wBxRgg8DuR1qmDZ2YLIIS8VagGHUFQEYQVYTaY5BMqJYSFZwS1j3OPYgqwhyc2u9evUMuNgm9wMuDGtdra0E2L59+xQkJJEH4D4Ifh999NH66KOPWgcw2pAEUmxb3G2CDgkZrGsTb9jKeTDGM0Lp0H95AbiEXFxDhw4tf8CC/7gWSXdqtqGioHcWZvu1UawE2IYNG5DADBnMYoQPZvDgwcJw/Xjgiymak5vkECMTIwz6w0BG4rzVq1fn5H0nvCkb+13aWWhY5EMjf9q0aTY2Je49M3UM2xTbxq5du8Ytm+s7rbTBOKpylc8H8eyzz+a6nlO+v7feekvr168fGUnStrRRrJzJ5+sEC8PmVYj0foJ5o4Q9tY0FvkQm3V69eglZFsmsiIGAtGjRwqqmVHvObiTXNLxZO3bsMDSVZAMkPSU/PMbADFJUEkSxFJVcDCZnKslEWJaUlUyvfMopp1il8FRuFm48hqCF4XZr1641hj4Blq4OU7mHdMv62oO5JLtUDg3zTZs2RUh2kSghQrLrgorGOZVHALGH4uK1C0SktjNcqRxtEWS33XabnHfeeYa5hmAMqlCH7yO9M9cp2fbt27enrUO6aZPRkaw/sO181WFGAZYtmnAqCamWJQg04YHTYbqGIxedFy1apFdccYXilabwbVIEWVTbxCBTxyxbtkzB94X02CfpGWecoZMnT1Ym87RFgqxDz6PI2FQtMERzJlULwsGsSdUSBh2mDDA32RR4TfPJpjx2kWHSYUoAW7JkSSRdni1rYwyqABe+NmnSREE8ouQIy6aETYdJAYxd+ZAhQ0wwxYoVK7L5fDxfG56iOnLkSGOn8TVa3RJWHSYEmJuyePjw4fmUxR5RGWYdVgkwJIYyvklz5szxqNrcPI1J1+ktCmJe328w7DqsFGCIcjHrfVx4DaJgElexGqCTJk3yrXl5HarGBRjddlu3bq3Tp0/3Tfm5UDGWqXz7EeV16DzhuAC76qqrFKRtuYAB3++BvQynXLD8lNFr5XVYCcDgnaBYq1KsB2ZU4SlVBtsPU/HJnYLRocKfPR1hNBKjkjIl1umQUzc7dqTV/Mp0eFgPhjU9zardBWdCRHCoJhpYYOoE61OKSA+FI77qsGGq8NX3Ilhgzyh/vjU6JBfGgAGKYABFkIOjTy8KxDmV6bAcwODtYCYks5osgL0RvFV1/vyqm8pYwYEDVV96SXXoUOecf/+76nOqOMo4S6R8qaJEcoes0uGMGar87N2rOnWqo8NVq5JraJxS8XRYziefiTn79OkjiMfz7v0CRkEjFXzmk6oQhL1IkO0URaBDpUJVwGVHFi4UufhiEaSHQUJtQXLGSk9JdICZ0dj+dMUaHbKh7doJeN0FnpuCDBVO00FS7FXi6bDcU2TkCnMoepI33xTp10+ksFBk2DCR+vUFYTKCRNdOdQQEwUDvU/gjyZ13ihBQFDD9Se/eImCZkR49nH0uyBFBZPYhSTtITQVOZYJfgMiiRU45/uW1WrVy6o7uTWmrS5cusmXLFuNzltKJFQpbo0PeN35URviDRYZeGTJE4Cjm7PPwN64OY3u6yy+/XMF8HLsr+e3t21U7d3a6WdYxa5azjbB+LAEo1plUx4936oO/OZzNVadMUUSUqnbqpDphgnPsP/9xzluwQLWsTLH4qbpypSrrB1GbYoR7mHzzjWNHbNt22KFUdtDdJ92gXet0CLMo8tyo32QHV5UotqIOy9lgaSmHF/zznxXECs6lYTgbW+qxx1TBOGi2//vf6G0VFKi2aOGAhzaXS/hBe4D/I3mUPv20s92vnyo/AIA2a6ZgA4nWw62//lX1b38rv8/DfxWV46EKtU6HfE4I+tWJE50fPXzp0pGKOiznk0+f9507d3roHOOc4tpSPLR1q1OAcHGFr8InnxQpKXH2wOfeSGwOR7gLS0GByAsvuGcd/j1vniAqQuSxxw4/luIetj1dbi7rdFinjkjbtiJIFCbr14ssXiwyfnyKmosWr6jDcjZYp06dTCBFtHiGtho3dip6771ohYiSkSZNRFq2dPatWhU9xi3aWR06iBBkiK6JCHMuIqmUkTVrRGbPFnn6aREOCvbtExhSkaKpbJDpuRXsOITBpXLaYWWt02FsC/gs3OcRuz/J7Xg6LAew3jC0OQoit7wn4QN2DXdEIxuhkX/uuYIwoOgojz0ZAhmkuNgxNDlymTlTpKxMxAUhjfuePQVhRiJFRSILFjijRv66+Isj6BBtI3/6k/Or+9e/RAYNEkFwiBdhRDjbn65YpUMOlPgcKIjykpdeEgE7t1eJq8OK71vPk4RYAdAGDVRr11adO1cxqeTYT6QeohFOHyzaT5y76tlTtX//6Aw8OLEQyuxMsHbr5pzHcps3O/M0tWo59kFhoeq6dY4N1qaNU472mvvBCoQXqWyS0EtdPMcKHfJG//hHR3egi9I//MGxlbnfg1SmQzyd8uLrMgcCREDipVpaWv6i/I8jTSw+G+EsfaxwNBnvnNgyaWxXtszhtUprdMgRPHWegWXBynR4GMCo1DAt1NIZ8Ljjjkt7eqIiGPM6dDQSF2Cuq8no0aMr6i1Q/zO0jW5Jfqy95nVYBcB4iJ6YMPawJJhgTdBSyO3atcuQBo8bN863FuR1CBOvKu2WlJQY1uO5NNoDJHSZZvoW2g1+S9h1WCXAqHw3YGHEiBH5oA+PaAyzDhMCjDplyFVxcbFJMJUPW/OGsrDqMCmAuSpdunRpJPCWv0obJNcCb8Omw5QARkC5Ye+gX8pTB3j8hYVJhykDzNUpu/yp8IJkpg34kOUM+QlI6awkPwmqDj0DzAUaqYeY7zCb9E187bj0Te3bt7eSvimoOgwEAR258QvhSZsnoEu8TI35PwFxjTB9IKnRyT7Jbb90mFGAVWxeVRSaiEWMUGgiL4/hZaWrDIxyQ6HJ71gKzdLSUuPOXJ30jxXbk43/bdehrwCL90Cw6i5wS45wr2JJxQCHvKwEFdmUSQJMsMWSAJP0t1GjRvGqDN0+m3RY7QALHRpC3uByDoch10W++T5oIA8wH5SarzKqgf8DQuPSMXekdIAAAAAASUVORK5CYII=">
`;

exports[`Graphviz renderToHTML Digraph 1`] = `
<h1>
  Test
</h1>
<p>
  This is test MDX.
</p>
<img src="data:image/png;base64,iVBORw0KGgoAAAANSUhEUgAAAJgAAAB0CAYAAAB5RPvYAAAAAXNSR0IArs4c6QAAE2hJREFUeAHtXQnQVeMbfyJ7xr5kaRNhZEk1SpqKGEkqVIrMUBSyDhrGIBppjCVEiJlqsg9Jshtb2bJni8qQbJGQ3fP//R5z7v/c77vfXc69557znnOemfvd+91zznve9znPfd/nfZbf00xBklHGgZA4sE5I7WbNZhwwDmQClglCqBxoHmrrDjb++++/y/Lly+Xbb7+113fffSd//PGHvXhsvfXWkw022EA23HBD2XTTTWXbbbe110477WTvDg451C43S7MO9umnn8obb7whr7/+urzzzjuyZMkS+eabb6Rt27ay9dZbm8Bsv/32OaHaZJNNhEJGgfvrr7/kxx9/zAniV199Jb/99pvstttusscee8j+++8vXbp0sXcKY1opVQL2yy+/yKOPPipPPvmkvdZff33Zb7/9TBA6d+4su+yyi7Ru3VrWWSeY5rB69Wr55JNP5KOPPpJXX33VBJefKWiHHnqoHHnkkbLnnnumStYSL2D//POPzJ07V2bNmmVC1adPH+nbt6898F133TX0h7127Vp59tln5emnn5YHH3xQNt98cxk6dKicfPLJ0rJly9DvH/kNuEQmkX766SedOHGi7rzzztqzZ0+dPn26YkmLdKj//vuvvvTSSzpu3DjdYostFIKmr732WqR9CvvmEvYN6t3+r7/+qldeeaVutdVWOmrUKH3rrbfq3YWy7scfwJQpU7RVq1bav39/XbRoUVnXuXZSogRszpw5NmMdf/zxCl3IiWfx559/6o033qhYLvWMM87QH374wYl+l9vJRAgYZ4MRI0bo7rvvrtB3yh17rM5bs2aNjh49WmHusGU0Vp2rojPOC9jHH3+sUNYVSrNyNnCdnnnmGYVtTSdNmuT6UKz/TgsYbFYKU4POmDEjEQ/DG8QXX3yh++yzj55//vneV86+OytgsC/RSa933XWXs8wv1nHueHfYYQedMGFCsdNif8xJAfv++++1ffv2Onny5NgzuJoOwk3l/I/ISUPryJEjBWYIue666yK3I4bdAeiYcuCBBwrMGOZlCPt+tW7fOQF76qmnBNt5ee+994SunigIM6jAaFq2cxu2OaEfMyhdf/315oV47LHHgjYR3XXVTOFRXAufXqR618UXX6zwVer9999fcvjUoy666CKFf7PkucVOgIPddpYffPBBsdNieSyYVzei3wOjHzhznXjiiRH1QOTyyy+n3irNm5eOdKJTnaE/dLJXQwwPOuecc+Tmm2+upplIrnVKwJ577jmhs7pZs2aBmUXhIHGJq5T+/vtvWXfdde3+5URcDBkyRLp27VrpbQqef8ghhwjH7xo5JWBvvvmmHHTQQYF4vGDBAhkwYIAMHjxYYDG3YMF+/foJhYa0YsUKGTRokBx11FEWwgNHeU4IGSN2xBFHWATEYYcdZt97Qs7wHAp9u3bthJsPzlhhEMOJli1bZjFnYbQfWpuxXLib6BSEoyzdp9DlP//8s/bq1UtbtGihmAn0kUceMRPA888/rwjpUcSF6bXXXmuXIvhQsQQqlGv7v0ePHoodq32mpR0Pw66n5wDxXYplW9n+3nvvrWPGjMm7Pdug470WRDfS559/Xoum6tZGaUUiNNGub8MQLItU5cwDQbNZiHoUZy7Oboi6kPvuu886BUERWNJl2rRpAuEShNjI7bffbsd4Ldvg6/HHHxdY3QVuHTvG73huRv/ngFMCxvj3VatW/b/3VXyiDkV9Cj9lwazQqKUDDjhA7rzzTsHOzY4x5p7E6yhIpM8++0xg8LVgRvsi5D8c+zbbbBPyXWrbvFM6WKdOneTFF1+sLQfQGlwy1ubChQtzbXN223HHHXPGTf8xnkQh40xHAfz6669z17377ruydOnS3P+1+sDcAeYKbLTRRrVqsi7tOCVgvXv3tp1UkB0guclkDYZQk5i0QQWf7926dZM2bdrI/Pnz7Rj/MKYeIUC2RG633XYydepUW1YpULw/hah79+5m7OXGgGHR0M8EvkNry2uISSLePb3vgrwz5Jrjd47qpu3V6EZBDa2YgRQZQqbkz5s3Ty+77DJT1qnA0+eHzCIziDLob+DAgXrssccq4umt13fffbfCEm9hzthFKpZWHTZsmCnct912m0V00Ph6+OGH6/vvv58b6T333KMdOnSw+1xwwQW6cuXK3LFKPrhsaHXO2Q3jpSI1TDEbVfKMyjqXu0lGaTAMqCFhplPoQPY1d4x+QrqaYpn0f1XTz9zBUnhdJOd8kVwi0uTspp2NSzh3uYjfd26FdG4G46/YC9cZO3asiz/qsvuMZF4LS3I55s1JAeMT4jKGn7POnj277Afm0olI4lVkl+v48eNd6najvjorYBzJ4sWLTXGfOXNmo4G5/AVDppFlnvMeuDwWpwWMjPeSPpgDmSV9xE8UnRcwspRpa8OHDzeTQJa2Fi8hS4SAeSylA5tQAUy85czmAmWJty48JV8fPegAKsgZdICPMRF9TNQM5uehH/wEMWSxAT+BLzVV4CdOGlorsTbSD0hMMOw0I4Nvoo+SL8I3AVVHGOmaFvimxAuYXxijAqBj2DQxyTIAOv/TSMFnD0ITmwOLhmByBcOjGRbDvEvGnxFCk+lxPMZQGSjlFpXBdz+EJhzZFs5Mdw6WZwEGmOUzEkozg9BMgTA1NUSG7HTs2FGuueYai7tneA0DED0QYOZAEnuVoT4UKgYpesLmBwFmTBnDekjYXBiSIdtMO6VqiSz0sIHNZTraE088UehwoO+ITE0g4JdfflkQrhOojaRclGoB4xJHQUASiL3X8qHecMMNQqF1Mhu7hoxwKqK1huO2pi699FI55phjai5cbPz000+3FDbqd2mm1M5ghBdnjiXfqdCHQQxzPvXUUy1un3pbGim1M9h5550nl1xySWjCRWFiNjZx+JFvmUbZsjGncgZjPuNZZ50liJ+3Kh5hPv3lyPSmqYLZRsxSShulbgajWYJAIpxVWHcobGK2EvUxwGGGfatYtp86Abvlllsstp1YE/UiRKVaPifNFqkjv4M46Z+JQU8E5yhwtgBLYPgXyKlMOpvzxpeqGYxmCeQ7hmKWKDUz8b60/COPstSpiTqeGiW/HmaJUpJB8LyDDz5YiLvKqIo0UGoEjDoXsb3OPPPMSJ8r8WVJN910U6T9qNvN8xbMhP4Ds4RVA2F4ctRE3FY4xQ1TLOq+1OP+idfBaJY4++yzDfK8HmaJUjMD60UCF8OQskudm4TjiRewKMwSpQTjlFNOsVgyIFWXOtX544nWwRgtwRragMmMXSljIiEed9xxVoLZNcyvSqQ+0QJGhZ5YXnFVqClg/AEQGj2plFgBi4NZopTQfPnll7LvvvsK0QvpUkoiJVYHO/fccwVVOUKNlqhWIIj7Sr8oIzsSS/XYqtb7HogkNRgB7CDrfeuK70fTCYFOCI+eREpc4i2RCFlaGbmQzjyvhx9+2PD22fekUeKWyDiaJUotfwQR5nLpYi2iUmNLlJIfZ7NEqQfhbUqIYu0aFn6xsSVKwOJulij2IHiMyv6aNWtyVUVKne/EcVfXfCrwKO+int7y4YcfGuQk8VtdJQK2EGodZovcEAihTvRrV8lZJf+qq64yjFbigdGZTZhvr2CVqw+D/Ub5GkUZGwWqtKJeko3xtNNOc3ZIzgpY//79jflYJhSuFkUCbSSRqrV+8pyBWcENeBiKcjU2RlZxc5WcFTCWtqNweS9W2gDIiMKR7FzJOwoPizuw9B8rilC4vHHxHTmV6mqotZMCxsoaLOfifwje54033lhvvfVW537w1CEpSN44/O8UOhRkcG5M7LCTdjDmM4LpeAb5BOGyEsbAaM0/4MB/9EUynJpjaEgsIchqvy6SkwKGirSNKpjxwQwdOlSYrl9I+OL+cIghRiRGKPSNhIzAeaz+5iS5OO9SzwKzcy8q+VdffbWLQynYZ5aO4Zj8Y+zSpUvBc+P+pZM6GHdVHvP5IB544IG487ni/r3wwgtWetDbSVK3dJGctORzOYGB1ZZClPcTlj9OIrFkc8+ePYUoi0RWxEYgV4HXlfHWvWY3ISoJCOJBVBINkPCUfPEYEzMIdUQh8kNU0hlMzFRey3MJWcnyyu3atXOF1xX3E2E8BtDCdDsUTDVFv3Xr1sananhYcUequCDUGcwD2SVzqJgvWbIkB7KLQgk5kF1PqKicU8goQJyh6Lz2BBGl7QwrlbstMvfCCy+UXr16GXINhTGpRB6+8sor5qfk2Fkf3AMqDspDhmkT2ZGoP9DtQuVhTQUsKphwMgmllhMBE544HlarONLp/NBDD+nRRx+tWNIUsU2KJIu6GQZZOmbu3LkKvC+ldX+vvfbSK664QlnM0xVKMg8D7yL9pVqgiMamVAvSwZwp1ZIGHlYsYF6xKeCaZsWmAk6RaeJhRQI2Z86cXLk8V3xjTKoAFr62bNlSATyixAiLktLGw7IEjFP5iBEjLJkiK/gZTDzTysOSAuaVLEZ1sKxkcTDZypV9TiMPiwoY7C0WmzRjxoyArI3nZSy6zmhRAPOG3sG087BJAUOWi/n76HhNIhGnC94AnTBhQmjDy3ioWlDAGLbbvn17nTx5cmjMj0PDcFOF9iPKePjfEy4oYCeccIICtC0OMhB6HzjL0OQC91NN75XxsAkBQ3SCwlel8AfWlOGVNMaZhbpLOQTXivJVDTEbiVlJtSLXeLh69WrljFsNNcXDRjMYfHoapd4FRBxlAgfQ/4qOl0I1bNgwC8xr0aKFnnTSSYF3uXCw1xQ/3xUeMt9y+PDhikxybd68uZmiijK9yMGmeJgnYIh2MINklBks9MsxyI7+zWKELGgznC5atEgBgWS6VKlrirXHPEuUfCl2SlnHXOLh9OnT9d5777XE3jvuuMN4+Pbbb5c1zkInFeJhXkw+C3P26dNH8IADR7/gxnYtkQUrJQiXBdbx/kx0KEZI8xJWq+3UqZMgXNpw5xnTHpRYGY3jr5Zc4iHDdYYMGWK87tevnz13hgAFpUI8zHuKzFxhDcUgtGDBAhkwYIAMHjxYRo8ebcGC7DSFhrRixQoZNGiQEEmGJe4mTpxo8JY8xvgm4tjDEGlY9hROT8jhkjKhZ2DhyJEjLRaM10ybNo1vRownw67XirB731X63rlzZ1m2bJnFnFV6rf98l3gIW2Cu69ChLOasmopwBXnon+ogHCV1H//5/s9MHEUAoMWR41esqPRqUy4AeG0KhlApKpzZJQg+tDWfiaakHj165NL+CcSGUdv19CMyyxkVMiwxlbH4Y8aMsWv8f6igbrbZZlX7GRnug4Lw/qYr/uwaDzne7t27G8+ZHV+tst+QhzULmYaiLW3btrWZh5GmnIWgONrMxdkNWAuCglD2i4GgCH89nIUgXELEZQCZ2DFey9mLL9Z1hNVdJk2aZMf4Hc9tSIj/suKirpdniYKHDEVH0oy9CDs6c+ZMqyvQkMdB/88TMMa8r1q1KmhbeddRh2KiAqYAwa8k7xj/YaIGgD6s3DD/50BJvM5bHpn0wKVv1qxZdqzQHwQbCiIkBLNhocMVfcexV4vN5RoPyW9Emsi4ceMs9xIbpaoErCEP83QwKsxMpKg1MUGDtHDhwlzTnN243jOJoeEx/k8h40xHQDbGoXvEyrFLly61f5llA5OKYAdk/1PfW7lypXdqRe9EeuYMjDS4iq5reLJrPPT3n+P3nof/+3I/F+JhnoD17t3bdlJBdoDsBJM1YFux/jBpgw+c7926dZM2SFiYP39+rq/MVEYIkC2RqN0jU6dOtWWVAsX7U4igGwiAQGxjgDAhgX4m8B1aWxQ6bhpYJo/Z3IizEtjCbMOQu0kFH9gGx18tucRD8pSbKBKCIE0lIep1UCrIw4ZabFAjIWYnA0+j0XPevHmKejymOFKBp2UemUWKX4fZrgYOHKgQDF27dq3dniBrBPiADqVI0TJgExpRqYCivqJFdGAqN2s7cCnsGmY6gxF5L0ZIBKGmjIRB2uI1rvCQRlasFLY569u3r3JzFpSa4mGeoZWNh+nmoOWYvr9CbiDMdIr128bHHamfiKaDGcv/VU0/N+XmCHoTl3jIH38tqtA1xcNGAkampslRy4DKLbfcsmrzRENhzHj4H0cKCpgXajJ27NiGfEvU/0xtY1hSGL7XjIdFBIyHuIxRx5k9e3aihMobDCMI4BbR8ePHe1/V/D3jYRMBhx6nFy9ebIo7jG/eV4l4Z8g0y7dQbwib0s7Dgkukn+le0seoUaNqogz6247iM11RMIYqvAN1u32aeVhSwPgUmHLFLW2HDh00S1sLJpdp5WFZAuaxlA5s4tIDA9VSsbzv4/wet8TbtPGwIgGjIHlp71SQuWyyYEAciTPGlClTtFWrVkpMfQYmxoXSxMOKBcx7SHyAiOmyGQ0xZLEBP4Ev1Unwk6TyMLCAeYIGf6Oy3mGU8E1cdjz4po4dOzoJ35RUHiYCgK5r164CX1oGQFeGlxr2P3Nww2Vn4TlEn+TnsHhYUwFrOL5iEJrIRcxBaDJigrisDJWBUm5RGXz3Q2gyDAc+Sakn/GPD8UTxv+s8DFXACj0QeN0tANHDXoVLxQSHoT4UKgYpesLmBwFmTBnDejISw7FlEKcLPKy7gGUCki4O5AUcpmvo2WjrwYFMwOrB5RTf4393BV9X9PkX+AAAAABJRU5ErkJggg==">
`;

exports[`Graphviz renderToHTML Graph 1`] = `
<h1>
  Test
</h1>
<p>
  This is test MDX.
</p>
<img src="data:image/png;base64,iVBORw0KGgoAAAANSUhEUgAAAKkAAACUCAYAAADoMQlcAAAAAXNSR0IArs4c6QAAFwlJREFUeAHtnQnwTVUcx4+kjQlTWqjsERXSok2bokIqiRpCpUxRjWnKljJaaIYsWVIyUimVtpElIaRNJlqQtJA2oYyU6HY+P3Nfz9/7v3fffee+e9995zdz5233nnt+3/N9557zO7/f75RxtCgrFoHoIjB7v+jWzdbMIrAHAUtSy4TII2BJGvkmshW0JLUciDwClqSRbyJbQUtSy4HII2BJGvkmshW0JLUciDwClqSRbyJbQUtSy4HII7B/tjUcNGhQtpfY85MQeOCBB5I+2bdeEMiKpAA8ePBgdf/993sp255TAgGXoO5riZ/tx1IQyIqklHHfffcp25uWgqaHr//9918PZ9lTkhGwY9JkNOz7SCJgSRrJZrGVSkbAkjQZDfs+kghYkkayWWylkhGwJE1Gw76PJAJZz+7D1oLZ8ffff69++ukn9csvv8jx559/qr///lv99ddfqkyZMurAAw+U45BDDlFHHHGEHEcddZQ67rjj1H772f9l2G2Y7f0jTdJNmzapDz/8UH388cdq2bJlas2aNWrdunWqWrVqqkqVKgnyHXzwwULKgw46SBGy9fvvvwtpd+zYkSDzr7/+qn744QdVq1Ytdfzxx6umTZuqU089VZ1++unq8MMPzxY3e34eEYgUSXfv3q0WLlyo3nrrLTV37lzpMV0ydevWTdWtW1fVqVNHCOkHI3rbtWvXqq+++kp98MEHasSIEUJ+etiLL75YXXrppeq8885TZcuW9VO8vSYgBCJB0k8++UQ9/fTTavr06apGjRrqsssuU+PGjVPNmjWTx7cp3RkGNGzYUI527dpJsfS877//vvwp+vXrp7755ht1zTXXqO7du6tTTjnF1K1tOTkgEBpJGVtOmzZNjRkzRh7Dt956q1qyZImqXbt2Dupkfylj2DPPPFMOVtMYTrz44ovqyiuvVFWrVlW9evVSHTt2tGPZ7KE1dkUoswhIcOKJJ6qJEyeqe+65R3qvvn375p2gqVBkzHrvvfcm6kQdqSt1thIOAnntST///HN12223KWbjjAdbtmwZjtYe7ooVoG3btnLMnj1bDRw4UI0dO1Y9/vjjMlzwUIQ9xRACeelJebSPGjVKXXDBBerqq6+WGXuUCVoSW+qKlYG6owO6WEeRkigF9znwnhQz0HXXXafWr1+vli9fLuaj4NQJtmTGp1dddZW64oor1B9//KH69OmjMH9ZCRaBQHtSehtskRUrVlTvvfdeQRPUbQZstOjCnw6zFQsIVoJFIDCS0ngYyrFtTp48WR1wwAHBapLH0tFlwoQJqmbNmuqYY45Ru3btyuPdi+9WgZG0a9eu0oCvvvpqbFF95plnZIWLhQYrwSEQCEmfe+459cUXX4hxPriqR6NkfAg+/fRThc5WgkHAOEm3bNmi7rrrLvX888+rcuXKBVPrDKX+888/svyZ4bTEzyzHsmTqR9ARXdEZ3a2YR8A4SRl/YqZh+TEMmTlzpqpevbrq379/xtuzJMqqV4MGDWS1K+MFpZyAruiM7lbMI2CUpDQ6Bm9WbMIS1v3POusstf/+ma1rS5cuVXhH4V2Vq6AzuoOBFbMIGCUprnA88ho1auS7lm4j8+q+91oYJi8OCOrFbxQyt2/f3mvxac9DZ3QHAytmETBKUvw+zznnHF+eSzTw7bffrnBOfuqpp8RB+dhjj5UJGCozbhwwYIC405199tniqfTzzz8LGpCZngzCtWnTRs2fPz+BEmNNnFd4JENKhgNBCI4q5557rvroo4+CKL6oyzRKUh6dfh2IK1WqJHZHvO0hH36l2CNx2UMefvhh9c4774ivKST8+uuvZZkSgo4ePVotXrxYvfzyy+q1116T8yENguNKDe3+99lnn6nmzZsrzEVB2TXRHQysmEXAKElzqRqkYgKD9OjRQzzoWQzYsGGDfMd4r3Xr1vIe8l577bUy2cHU9dhjj4mzCmXwqIeMCI/+8ePHC4E7d+6s8FvFoZl1eCuFg0Dm2UUWuhDSQciHKYGMrFzt3LlT/fjjj3sViw8osmrVKvXtt9/KwoF7AkSEsFyD78DIkSPz4gaI7mBgxSwCRntS1ul57GY74cmkEmTlUYoHvSvu7J2lScaxrKcnCyQ9+uij5bp58+YlfmKMGsS4FJ0XLVqkTjvttMS97BszCBglKc4XlStXlhUYP9VzDeo8ppHt27cnxo+dOnWSxzveRwgxSjgjN27cWBEK8vrrr4vTB4Z8TErMsumBiVsiLAQ/0JUrV6obb7xR1dBjVFfoaREmZrkIq07oDgZWDCOgewDPorPpOTrEIu35w4cPd/R4Me05qX7cunWr06JFC4yMjnaJcxYsWOAcdthhjm54R0+UHB0B6uiZu6Nn0I725nf0bN3RpJOi9CTKOeGEExzd4zr169eXQw8HHN1jOnrM6mjjvpRbr149Z8qUKYnbr1ixwtGud/LbJZdc4uieMPFbtm/QGd3TiRf80l1fpL/N4tHsWbyArE1Jjo51d/Rs2nO52Zyox5nO6tWrHd3b7nOZtgrI99u2bdvrN87Vsfp7fWfyA7qi8+bNm9MW6wW/tAUU54+zjD7u6eQxJREawuOZR69pYfxJ3DxjzpJCIgi+r1Chwl4/8R021yAEHdEVnXncWzGPgHGSUkU88TEnEW0Zd+nQoYOMjdHZSjAIBEJSqjp16lSxU95www3B1DwCpRJKgh130qRJEahNfKsQGEkxETHDJltIz549ZaYdFxixGgwZMkR9+eWXYmUgvY+V4BAIjKRUmcbDRrlx40ZZN4+D8wU64APAGj0rWF4cWYJrvuIoOVCSAiHRlDNmzFBdunRRTZo0kXX2QoUWHwF0QBd0spGi+WnJwEmKGvQ2vXv3Fu8knEDOOOMMNWfOnPxoaOAu1JU6U3ecW9DF9qAGgPVYhNG1+0z3xF1OG+nVCy+8oO644w515JFHStgF7nVRa3RWvd544w0xLeGVpW2c4tSSSUf7u3kE8tKTlqw2Hkyk3MHbaejQoeKihyse7ndhC3WgLvgEUDfqSF2ps5VwEMhrT5qsIj0ntkUON/UjExLIwXq7XqY0nvox+f7ue72II44rPNLJi4o1ghipV155RRLtuufZ1/AQCKUnLakueUCZlOBa99BDD4ljCWYrvXYvWUJwXCZ+nx4tl4whXEsZlEWZZCDhHtwLZxbuTR3Kly8vvajr8FKyvvZzfhEIrSdNpSa964UXXijHsGHDxDfVTUdOkl28m0hyiwtecjpycuO7efIpF3JxkL3Pza2PxzwEpKd205EThpwqHTlmMxYhiADFu8pvtEEqHe132SMQKZKWrD7kIPqTwxUmNGzswGTG3diBXhBSuvFF+HRCWnpEd2MHJmleN3bAf5VYepLqUhapHyG2lXAQiDRJU0FCb1tD+4NylBQ2loXEd999d8mffH1ms18yTxNciPmJQDsr+UcgEmPS/Kvt/Y489kkgQR59m0rHO24mzyy4ntSk8l7LYpyMEb9Vq1aSU5/Qaiv5QyBWPSlDgVR+pibg1J7/EmWKZYA4/iB8ZU3UM45lxIqkjEexewYlTL7effddmbTRq7KpmZXgEYgVSYOHSynMXRj6TzrpJFlswNJgJVgELEl94MuQgoQU7KRC/D/phawEh0CsSBrkmDRVE5C76oknnpAJlZveJ9V59rvcEIgVSYMek6aC+vLLLxe3Q5ZW6V2tmEcgViQ1D4+3EvE9IFnFk08+Kb6m/FmsmEPAktQQloRMk+qHBGrs84TfgBUzCFiSmsFRSjn00EPVrFmzxF+ALclxaLGSOwKxIimzbiZPYQpRsiQBZotHQk7Ii2olNwTCbdHc6r7P1RjyozIeJPP0o48+Ku5+c+fO3aeu9gvvCNi1e+9YZX0mISfsmEcSCRyqrfhDwJLUH26eryK//5IlS8SWirM2zipWskMgVo/77FTP39l16tQRE9V3330na/82LCU77GNF0ihMnEqDn1gqfFMJY6E3/e2330o71X5fAoFYkTRKE6cSOMtHZv7M+jFPMfMnMtVKZgTsmDQzRsbPYBJFWArhKC+99JKEpxi/SYwKjFVPWkjtQu5+tiJn5k9GFyulIxCrnjTKY9JUTUDcPxuokQyDbX70XgCpTiv672LVk0Z9TJqKbeygQij29OnT1U033ZTYbSXVucX6XaxIWqiNyD4AhKWQyIIcA+42QIWqj+l6W5KaRtRneYSlkC2FJBTkxFq/fr3PkuJ3mSVphNoU55gxY8bIYx8TFYncrCgVK5LmO3wkKALdeeedsjs1mQXffPPNoG5TMOXGiqRhhI8E1dI4TuObSow/vWsxS6xIGreGZENhvP3ZF5UMgEHmFIgydpakUW4dXTcyAbI7NRvsYqIqxrCUWJEUYz5H3KRixYqSfpKelHV/0l4Wk8SKpDRiXB+J5cqVk5332rZtK4l/2eisWCRWJC2GRhs4cKBsPHH++efLkmox6GxJWoCtzGYYJPXt2LGjmjx5cgFqkF2VC87BBDMTScLcXPikJGcygbc7Ewwe9wTAkY6cVRw3HTlLj17TkWcHYThnk3168eLFEpbCPgJkufYq6TBk8wvG9e4eBFHAMNIk3bRpk+QEJSHYsmXLZGOHdevWqWrVqu21sQPbJwIqJhtICnEh7Y4dOxJkxiOefUFr1aqV2NiB81Nt7OC1scM+jyVUNr7Aprp27VrF5hfk+0+WbDFkP1gwJK1lVDCMFEl3796tFi5cKPspEQZMj9m0aVMhX7du3VTdunUV8UIQ0o8AOo2JRzxpcUaMGCHkp4fFbQ6XOWbPZcuW9VN8KNew+QXuftdff7266KKL1Ntvvy2Bf+xJFRcMy+h/jeess+7GCdk8Wry0nLvZGO5qNfSGDXgCQZpmzZoFblJCfYYJNOjMmTNlCx7y43fv3l2R48mkBIUfdeRJc/PNNyuC/fgzxwjD2XTtnkXvr+nobWM8n5/uRN1rOs8++6yj83s6uidzdEiFo3u5dJfk5Te9baOjt22UOuk/idSRupoQk/hRn1QYLl261ERVcyrDMIazQiGpDpdwdA56R5tRHJ2DXsDOCZUALoYAOueo1JG6UudcxSRJiwjD/JJU50Vy9JjP0Rt4Odp5Itc2z9v11JU6U3d08CsmSFqEGM7Ki50Uk8eoUaMkLxIhvcxIW7ZsaXK4F2hZ1JU6U3e2ckQXdMqnFDOGgc/uMQNhfMbTfPny5WI+ymfjmrxXr169JLoTkw8hHn369FGYv4KWYscw0J6Ufz+2SBwkcDnDvlnogg7owp8OC0Quu0Z7wcJiGKBnPo2HoRxzCEt3JY3MXhooquegy4QJE2THZ7Lm7dq1K5CqWgz3wBpYT9q1a1dJe8gOcnEVkjvoSZRioSEIsRjuQTUQkrJRLLnjMc7HXfAhwCHZ9Oa4FsP/mWOcpFu2bJFQB/aLxwcyDGHfT5Y/vQg9Iev6fgUd0ZXwDnQ3IYWGobYpq291Bha/kglD4yRl/ImZpmHDhn7rnNN1LG1Wr15d9e/fP2M57LvEuj17hpKOccWKFRmvSXUCuqIzupuQQsKQ/QHq1asnPhXg4Jes6TA0SlJ6pbFjxyryxYclrFmTXIE0i+mE9Xoy2kGIqVOnSoz7I488ku6StL+hM7qDQS5SSBjiVcbGFfheQE4sHhMnTvStfmkYpm/JLG9HpXlUNWrUKMsr/z+dRsKf0W3sbGKWXAM7BM20CwleQjgO04sieA/x2a+gM7qDATN+v1JIGG7btk0NHTpULDdsD3TyyScn8PSjf2kYGu1J8fvEGTcbYrnK0MDs1YlzMo8QHsNs4MUEDGHcM2DAAHGnIw89nkpuQBqE5l/Yvn171aZNGzV//ny3WPGJJHadxwk9LMMBBI8kl6B8Zj97yvUr6Ey+UZKP5SKFhGH9+vUTpkVcH7dv3y7ZrP3qXxqGRknKBAT/Rj9SqVIlsTvisAz58CvFHjlu3DgpTnsmid8kPSAk1J42skwJQUePHi1e6vSE7ka07h+lb9++4v7HY6l58+ZiLkpl11ywYIHq0KGDn6onrkH3XCZhFFSIGPbu3Vv+4PjpsolFLpIKQ6MkzaVykKpBgwZSRI8ePcSDnsWADRs2yHeM91q3bi3vIS/bzwAIPS0TINbXKYNHPWREePyPHz9eCNy5c2cZO+HQzDp8shCGwaMLx+FClrAwHDJkiPjjVqlSRT344IPGITQ6JqWShCuYEsjIqsvOnTv32QKRfeaRVatWyaA9eRwIEWkwtk1k3XvkyJGS/jtVvagvQwUmUbmazCgLDHKRQsSQ8SjWDXDGr4EnYfJQKhs8UmFotCdlnZ5eyZ30ZFO5dOdCVh4DzMhdcWfvNWvWlHEs6+nJAknZN4nr5s2bl/iJEBJ3XIo99ZZbbpE96xkLI35TLqLzokWLlHbpS9zLz5tCwzBZxxo6qqJ8+fK+h3ylYWiUpDhfVK5cWVZgkivv9T0EQtxZOgNxd/zYqVMneby7CWYZqJMluXHjxqpdu3aS2xOCQbw1a9bILJsemLilfv36ST6llStXKnLVAybCljXETGE+gbj0BEza/AirTuieqxNNIWFIlCphN26nNG3aNPEM8xsjViqG+gaexYvT7vDhwx09XvRcpnvi1q1bnRYtWmBkdLRLnKMnMo7e+8jRDe/oiZKjoxcdPXN39Aza0bnlHT1bdzTp5HLCFfCe1z2uo2ecchCWoonn6DGro437Uq42OjtTpkyRa4YNGybfcb/kY/Xq1W6VsnpFZ3RPJ17w4/pCwVBPVB1t6nN0BK7TqlUrB0x1p5IOgrS/lYKhec98bUpydKx7Th7s6TTR40wHIunedp/T9FhIvteToL1+41wdebrXdyY/4C2Pzps3b05brFeSFhKGYE0HkqukwdC8Zz6mJEKFeTzz6DUtjB2JN2fMWVJIBMH3FSpU2OsnvsPmGoSgI7qiM497E1JIGII1E6dcJBOGRsekbkXxxMecVLVqVfer2L5iW2VsjM4mxWL4P5qBkJTiWQ9nAsTkJK7CRmHYcSdNmhSIihbDPbAGRlJMRKxDswrRs2dPsXUG0pIhFIrVAAM26RexMpCaJgixGO5BNTCSUjyNh41y48aNsm4OaQtd0AEfANbo8f7J5MiSq74WwwBjnNzGIZpyxowZqkuXLqpJkyayzu7+Vmiv+AigA7qgUz4iRcGo2DEMtCd1SUhvgxMCjiE4gbBH0Zw5c9yfI/9KXakzdUcHdAm6By0JSlFjmI19y6udL1OZemVCDO5kBIlymh3qRh1ZIKDOuYop/KhHEWFo3pjvtSFTJduKQsIy6kDyNJKosWpFUjXqakJMkpT6FAmGs4x6QZV8RKX7zOMLWyCHm/qRCQkOI6y3sxtcPlM/8kjHV5V1fByqGXOaTv2YDg8/vxULhpHIT+o2EHZVvWYvO8FBmuQkuowJSTRRu3Zt3yYf3P5wlnaT6LoZpIkC4E+h158DTaIbZH7SGGM4O1IkdYF2X/EtxEHZJRPeTXje4IKH3yXLoCyTktfdzfHOtXhTcZBL382tj8c7/qX01Cyruhmk85mOPB8kdbFzX2OA4ezQHvcuiOle8QUl+pPDFXpbelgcawk14cClzyUm55F7CtLi2wiROXDCpcfM96zcrXdYr3HAMNIkTdWwkKyG9gflsOIPgULDMC92Un9Q2qssAnsQsCS1TIg8ApakkW8iW0FLUsuByCNgSRr5JrIVzHp2P3jwYIuaTwTATu+D5fPq4r0sK2M+MGGQtuIfgUGDBvm/uDivzG7FqTgxslqHjMBsOyYNuQXs7TMjYEmaGSN7RsgIWJKG3AD29pkRsCTNjJE9I2QELElDbgB7+8wIWJJmxsieETIClqQhN4C9fWYELEkzY2TPCBkBS9KQG8DePjMClqSZMbJnhIzAfyiNLJZ/fWUuAAAAAElFTkSuQmCC">
`;
